// Jest Snapshot v1, https://goo.gl/fbAQLP

exports[`Input render correctly 1`] = `
<div>
  <input
    onChange={[Function]}
    type="text"
    value=""
  />
</div>
`;
